ï¿½etï¿½ets Jul 29 2019 12:21:46

rst:0x1 (POWERON_RESET),boot:0x13 (SPI_FAST_FLASH_BOOT)
configsip: 0, SPIWP:0xee
clk_drv:0x00,q_drv:0x00,d_drv:0x00,cs0_drv:0x00,hd_drv:0x00,wp_drv:0x00
mode:DIO, clock div:2
load:0x3fff0030,len:7172
load:0x40078000,len:15540
load:0x40080400,len:4
ho 8 tail 4 room 4
load:0x40080404,len:3904
entry 0x40080640
[0;32mI (31) boot: ESP-IDF v5.2.1-533-g9f4f8e24f2 2nd stage bootloader[0m
[0;32mI (31) boot: compile time May 30 2024 11:12:37[0m
[0;32mI (33) boot: Multicore bootloader[0m
[0;32mI (37) boot: chip revision: v3.1[0m
[0;32mI (40) boot.esp32: SPI Speed      : 40MHz[0m
[0;32mI (45) boot.esp32: SPI Mode       : DIO[0m
[0;32mI (50) boot.esp32: SPI Flash Size : 4MB[0m
[0;32mI (54) boot: Enabling RNG early entropy source...[0m
[0;32mI (60) boot: Partition Table:[0m
[0;32mI (63) boot: ## Label            Usage          Type ST Offset   Length[0m
[0;32mI (71) boot:  0 nvs              WiFi data        01 02 00009000 00004000[0m
[0;32mI (78) boot:  1 otadata          OTA data         01 00 0000d000 00002000[0m
[0;32mI (85) boot:  2 phy_init         RF data          01 01 0000f000 00001000[0m
[0;32mI (93) boot:  3 factory          factory app      00 00 00010000 00100000[0m
[0;32mI (100) boot:  4 ota_0            OTA app          00 10 00110000 00100000[0m
[0;32mI (108) boot:  5 ota_1            OTA app          00 11 00210000 00100000[0m
[0;32mI (116) boot: End of partition table[0m
[0;32mI (120) boot: Defaulting to factory image[0m
[0;32mI (124) esp_image: segment 0: paddr=00010020 vaddr=3f400020 size=29f58h (171864) map[0m
[0;32mI (192) esp_image: segment 1: paddr=00039f80 vaddr=3ffb0000 size=03b94h ( 15252) load[0m
[0;32mI (198) esp_image: segment 2: paddr=0003db1c vaddr=40080000 size=024fch (  9468) load[0m
[0;32mI (202) esp_image: segment 3: paddr=00040020 vaddr=400d0020 size=9dcd4h (646356) map[0m
[0;32mI (428) esp_image: segment 4: paddr=000ddcfc vaddr=400824fc size=14334h ( 82740) load[0m
[0;32mI (472) boot: Loaded app from partition at offset 0x10000[0m
[0;32mI (472) boot: Disabling RNG early entropy source...[0m
[0;32mI (483) cpu_start: Multicore app[0m
[0;32mI (492) cpu_start: Pro cpu start user code[0m
[0;32mI (492) cpu_start: cpu freq: 160000000 Hz[0m
[0;32mI (492) cpu_start: Application information:[0m
[0;32mI (495) cpu_start: Project name:     simple_ota[0m
[0;32mI (500) cpu_start: App version:      1[0m
[0;32mI (505) cpu_start: Compile time:     May 30 2024 11:30:46[0m
[0;32mI (511) cpu_start: ELF file SHA256:  279eb04ee...[0m
[0;32mI (516) cpu_start: ESP-IDF:          v5.2.1-533-g9f4f8e24f2[0m
[0;32mI (522) cpu_start: Min chip rev:     v0.0[0m
[0;32mI (527) cpu_start: Max chip rev:     v3.99 [0m
[0;32mI (532) cpu_start: Chip rev:         v3.1[0m
[0;32mI (537) heap_init: Initializing. RAM available for dynamic allocation:[0m
[0;32mI (544) heap_init: At 3FFAE6E0 len 00001920 (6 KiB): DRAM[0m
[0;32mI (550) heap_init: At 3FFB83F0 len 00027C10 (159 KiB): DRAM[0m
[0;32mI (556) heap_init: At 3FFE0440 len 00003AE0 (14 KiB): D/IRAM[0m
[0;32mI (562) heap_init: At 3FFE4350 len 0001BCB0 (111 KiB): D/IRAM[0m
[0;32mI (569) heap_init: At 40096830 len 000097D0 (37 KiB): IRAM[0m
[0;32mI (577) spi_flash: detected chip: generic[0m
[0;32mI (580) spi_flash: flash io: dio[0m
[0;32mI (585) main_task: Started on CPU0[0m
[0;32mI (595) main_task: Calling app_main()[0m
[0;32mI (595) simple_ota_example: OTA example app_main start[0m
[0;32mI (635) simple_ota_example: SHA-256 for bootloader:  6be76da439ee9c8ef0a1115b7905f8f7671815269aaa282e23d792c834cedf27[0m
[0;32mI (895) simple_ota_example: SHA-256 for current firmware:  4dc7edc15765d3ee879a56087f0a37e8f844f724e68827d9439d97b07032ee66[0m
[0;32mI (895) example_connect: Start example_connect.[0m
I (915) wifi:wifi driver task: 3ffc001c, prio:23, stack:6656, core=0
I (925) wifi:wifi firmware version: afab229
I (925) wifi:wifi certification version: v7.0
I (925) wifi:config NVS flash: enabled
I (925) wifi:config nano formating: disabled
I (935) wifi:Init data frame dynamic rx buffer num: 32
I (935) wifi:Init static rx mgmt buffer num: 5
I (945) wifi:Init management short buffer num: 32
I (945) wifi:Init dynamic tx buffer num: 32
I (945) wifi:Init static rx buffer size: 1600
I (955) wifi:Init static rx buffer num: 10
I (955) wifi:Init dynamic rx buffer num: 32
[0;32mI (965) wifi_init: rx ba win: 6[0m
[0;32mI (965) wifi_init: tcpip mbox: 32[0m
[0;32mI (965) wifi_init: udp mbox: 6[0m
[0;32mI (975) wifi_init: tcp mbox: 6[0m
[0;32mI (975) wifi_init: tcp tx win: 5760[0m
[0;32mI (985) wifi_init: tcp rx win: 5760[0m
[0;32mI (985) wifi_init: tcp mss: 1440[0m
[0;32mI (985) wifi_init: WiFi IRAM OP enabled[0m
[0;32mI (995) wifi_init: WiFi RX IRAM OP enabled[0m
[0;32mI (1005) phy_init: phy_version 4791,2c4672b,Dec 20 2023,16:06:06[0m
I (1095) wifi:mode : sta (d4:8a:fc:a9:3f:f0)
I (1095) wifi:enable tsf
[0;32mI (1095) example_connect: Connecting to KUNIU...[0m
[0;32mI (1105) example_connect: Waiting for IP(s)[0m
I (3765) wifi:new:<11,0>, old:<1,0>, ap:<255,255>, sta:<11,0>, prof:1
I (3765) wifi:state: init -> auth (b0)
I (3785) wifi:state: auth -> assoc (0)
I (3795) wifi:state: assoc -> run (10)
I (3905) wifi:connected with KUNIU, aid = 2, channel 11, BW20, bssid = be:e0:01:94:10:e4
I (3905) wifi:security: WPA2-PSK, phy: bgn, rssi: -63
I (3905) wifi:pm start, type: 1

I (3915) wifi:dp: 1, bi: 102400, li: 3, scale listen interval from 307200 us to 307200 us
I (3935) wifi:<ba-add>idx:0 (ifx:0, be:e0:01:94:10:e4), tid:6, ssn:1, winSize:64
I (4005) wifi:AP's beacon interval = 102400 us, DTIM period = 1
[0;32mI (4925) esp_netif_handlers: example_netif_sta ip: 192.168.0.129, mask: 255.255.255.0, gw: 192.168.0.1[0m
[0;32mI (4925) example_connect: Got IPv4 event: Interface "example_netif_sta" address: 192.168.0.129[0m
[0;32mI (5895) example_connect: Got IPv6 event: Interface "example_netif_sta" address: fe80:0000:0000:0000:d68a:fcff:fea9:3ff0, type: ESP_IP6_ADDR_IS_LINK_LOCAL[0m
[0;32mI (5895) example_common: Connected to example_netif_sta[0m
[0;32mI (5905) example_common: - IPv4 address: 192.168.0.129,[0m
[0;32mI (5905) example_common: - IPv6 address: fe80:0000:0000:0000:d68a:fcff:fea9:3ff0, type: ESP_IP6_ADDR_IS_LINK_LOCAL[0m
I (5925) wifi:Set ps type: 0, coexist: 0

[0;32mI (5925) simple_ota_example: Starting OTA example task[0m
[0;32mI (5925) simple_ota_example: Attempting to download update from http://192.168.0.187:8070/blink.bin[0m
[0;32mI (5945) main_task: Returned from app_main()[0m
I (6055) wifi:<ba-add>idx:1 (ifx:0, be:e0:01:94:10:e4), tid:0, ssn:3, winSize:64
[0;32mI (7225) esp_https_ota: Starting OTA...[0m
[0;32mI (7225) esp_https_ota: Writing to partition subtype 16 at offset 0x110000[0m
[0;32mI (8985) esp_image: segment 0: paddr=00110020 vaddr=3f400020 size=09f14h ( 40724) map[0m
[0;32mI (8995) esp_image: segment 1: paddr=00119f3c vaddr=3ffb0000 size=02254h (  8788) [0m
[0;32mI (9005) esp_image: segment 2: paddr=0011c198 vaddr=40080000 size=03e80h ( 16000) [0m
[0;32mI (9005) esp_image: segment 3: paddr=00120020 vaddr=400d0020 size=147e8h ( 83944) map[0m
[0;32mI (9045) esp_image: segment 4: paddr=00134810 vaddr=40083e80 size=08904h ( 35076) [0m
[0;32mI (9065) esp_image: segment 0: paddr=00110020 vaddr=3f400020 size=09f14h ( 40724) map[0m
[0;32mI (9075) esp_image: segment 1: paddr=00119f3c vaddr=3ffb0000 size=02254h (  8788) [0m
[0;32mI (9085) esp_image: segment 2: paddr=0011c198 vaddr=40080000 size=03e80h ( 16000) [0m
[0;32mI (9095) esp_image: segment 3: paddr=00120020 vaddr=400d0020 size=147e8h ( 83944) map[0m
[0;32mI (9125) esp_image: segment 4: paddr=00134810 vaddr=40083e80 size=08904h ( 35076) [0m
[0;32mI (9145) simple_ota_example: OTA Succeed, Rebooting...[0m
I (9145) wifi:state: run -> init (0)
I (9145) wifi:pm stop, total sleep time: 1262834 us / 5235821 us

I (9155) wifi:<ba-del>idx:1, tid:0
I (9155) wifi:<ba-del>idx:0, tid:6
I (9155) wifi:new:<11,0>, old:<11,0>, ap:<255,255>, sta:<11,0>, prof:1
E (9165) wifi:NAN WiFi stop
I (9175) wifi:flush txq
I (9175) wifi:stop sw txq
I (9175) wifi:lmac stop hw txq
I (9175) wifi:Deinit lldesc rx mblock:10
ets Jul 29 2019 12:21:46

rst:0xc (SW_CPU_RESET),boot:0x13 (SPI_FAST_FLASH_BOOT)
configsip: 0, SPIWP:0xee
clk_drv:0x00,q_drv:0x00,d_drv:0x00,cs0_drv:0x00,hd_drv:0x00,wp_drv:0x00
mode:DIO, clock div:2
load:0x3fff0030,len:7172
load:0x40078000,len:15540
load:0x40080400,len:4
ho 8 tail 4 room 4
load:0x40080404,len:3904
entry 0x40080640
[0;32mI (31) boot: ESP-IDF v5.2.1-533-g9f4f8e24f2 2nd stage bootloader[0m
[0;32mI (31) boot: compile time May 30 2024 11:12:37[0m
[0;32mI (32) boot: Multicore bootloader[0m
[0;32mI (37) boot: chip revision: v3.1[0m
[0;32mI (40) boot.esp32: SPI Speed      : 40MHz[0m
[0;32mI (45) boot.esp32: SPI Mode       : DIO[0m
[0;32mI (50) boot.esp32: SPI Flash Size : 4MB[0m
[0;32mI (54) boot: Enabling RNG early entropy source...[0m
[0;32mI (60) boot: Partition Table:[0m
[0;32mI (63) boot: ## Label            Usage          Type ST Offset   Length[0m
[0;32mI (70) boot:  0 nvs              WiFi data        01 02 00009000 00004000[0m
[0;32mI (78) boot:  1 otadata          OTA data         01 00 0000d000 00002000[0m
[0;32mI (85) boot:  2 phy_init         RF data          01 01 0000f000 00001000[0m
[0;32mI (93) boot:  3 factory          factory app      00 00 00010000 00100000[0m
[0;32mI (100) boot:  4 ota_0            OTA app          00 10 00110000 00100000[0m
[0;32mI (108) boot:  5 ota_1            OTA app          00 11 00210000 00100000[0m
[0;32mI (115) boot: End of partition table[0m
[0;32mI (120) esp_image: segment 0: paddr=00110020 vaddr=3f400020 size=09f14h ( 40724) map[0m
[0;32mI (142) esp_image: segment 1: paddr=00119f3c vaddr=3ffb0000 size=02254h (  8788) load[0m
[0;32mI (146) esp_image: segment 2: paddr=0011c198 vaddr=40080000 size=03e80h ( 16000) load[0m
[0;32mI (154) esp_image: segment 3: paddr=00120020 vaddr=400d0020 size=147e8h ( 83944) map[0m
[0;32mI (185) esp_image: segment 4: paddr=00134810 vaddr=40083e80 size=08904h ( 35076) load[0m
[0;32mI (206) boot: Loaded app from partition at offset 0x110000[0m
[0;32mI (206) boot: Disabling RNG early entropy source...[0m
[0;32mI (217) cpu_start: Multicore app[0m
[0;32mI (226) cpu_start: Pro cpu start user code[0m
[0;32mI (226) cpu_start: cpu freq: 160000000 Hz[0m
[0;32mI (226) cpu_start: Application information:[0m
[0;32mI (229) cpu_start: Project name:     blink[0m
[0;32mI (234) cpu_start: App version:      v5.2.1-533-g9f4f8e24f2[0m
[0;32mI (240) cpu_start: Compile time:     May 30 2024 11:22:56[0m
[0;32mI (246) cpu_start: ELF file SHA256:  70f8f6e77...[0m
[0;32mI (251) cpu_start: ESP-IDF:          v5.2.1-533-g9f4f8e24f2[0m
[0;32mI (258) cpu_start: Min chip rev:     v0.0[0m
[0;32mI (262) cpu_start: Max chip rev:     v3.99 [0m
[0;32mI (267) cpu_start: Chip rev:         v3.1[0m
[0;32mI (272) heap_init: Initializing. RAM available for dynamic allocation:[0m
[0;32mI (279) heap_init: At 3FFAE6E0 len 00001920 (6 KiB): DRAM[0m
[0;32mI (285) heap_init: At 3FFB2B18 len 0002D4E8 (181 KiB): DRAM[0m
[0;32mI (291) heap_init: At 3FFE0440 len 00003AE0 (14 KiB): D/IRAM[0m
[0;32mI (298) heap_init: At 3FFE4350 len 0001BCB0 (111 KiB): D/IRAM[0m
[0;32mI (304) heap_init: At 4008C784 len 0001387C (78 KiB): IRAM[0m
[0;32mI (312) spi_flash: detected chip: generic[0m
[0;32mI (315) spi_flash: flash io: dio[0m
[0;32mI (320) main_task: Started on CPU0[0m
[0;32mI (330) main_task: Calling app_main()[0m
[0;32mI (330) example: Example configured to blink GPIO LED![0m
[0;32mI (330) gpio: GPIO[5]| InputEn: 0| OutputEn: 0| OpenDrain: 0| Pullup: 1| Pulldown: 0| Intr:0 [0m
[0;32mI (340) example: Turning the LED OFF![0m
[0;32mI (1340) example: Turning the LED ON![0m
[0;32mI (2340) example: Turning the LED OFF![0m
[0;32mI (3340) example: Turning the LED ON![0m
[0;32mI (4340) example: Turning the LED OFF![0m
